Spawining 100 minumal threads.
Done.  Count is 100.
