Before the LWPS.
First print in threadfun().
Back from LWPS.
