Starting LWPs...
Test
Test
Test
Test2
Test2
Test2
Test3
Test3
Test3
Test4
Test4
Test4
Test5
Test5
Test5
Test6
Test6
Test6
Done.
